// Vitest Snapshot v1, https://vitest.dev/guide/snapshot.html

exports[`EmblaCarousel Component > renders correctly and matches snapshot 1`] = `
<DocumentFragment>
  <div
    class="embla"
  >
    <div
      class="embla_viewport"
    >
      <div
        class="embla_container"
      >
        <div
          class="embla_slide is-selected"
        >
          <div
            class="embla_slide_inner"
          >
            <div
              class="embla_slide_float"
            >
              <div
                class="embla_slide_number"
              >
                <span>
                  2
                </span>
              </div>
            </div>
          </div>
        </div>
        <div
          class="embla_slide "
        >
          <div
            class="embla_slide_inner"
          >
            <div
              class="embla_slide_float"
            >
              <div
                class="embla_slide_number"
              >
                <span>
                  3
                </span>
              </div>
            </div>
          </div>
        </div>
        <div
          class="embla_slide "
        >
          <div
            class="embla_slide_inner"
          >
            <div
              class="embla_slide_float"
            >
              <div
                class="embla_slide_number"
              >
                <span>
                  4
                </span>
              </div>
            </div>
          </div>
        </div>
        <div
          class="embla_slide is-selected"
        >
          <div
            class="embla_slide_inner"
          >
            <div
              class="embla_slide_float"
            >
              <div
                class="embla_slide_number"
              >
                <span>
                  2
                </span>
              </div>
            </div>
          </div>
        </div>
        <div
          class="embla_slide "
        >
          <div
            class="embla_slide_inner"
          >
            <div
              class="embla_slide_float"
            >
              <div
                class="embla_slide_number"
              >
                <span>
                  3
                </span>
              </div>
            </div>
          </div>
        </div>
        <div
          class="embla_slide "
        >
          <div
            class="embla_slide_inner"
          >
            <div
              class="embla_slide_float"
            >
              <div
                class="embla_slide_number"
              >
                <span>
                  4
                </span>
              </div>
            </div>
          </div>
        </div>
      </div>
    </div>
    <div
      class="embla_controls"
    >
      <div
        class="embla_dots"
      >
        <button
          class="embla_dot embla_dot--selected"
          type="button"
        />
        <button
          class="embla_dot"
          type="button"
        />
        <button
          class="embla_dot"
          type="button"
        />
      </div>
    </div>
  </div>
</DocumentFragment>
`;
